File opened successfully
Read 5 numbers
Computation completed
Sum: 150
Average: 30.0
Processing completed
File opened successfully
Read 5 numbers
Computation completed
Sum: 150
Average: 30.0
Processing completed
File opened successfully
Read 5 numbers
Computation completed
Sum: 150
Average: 30.0
Processing completed
File opened successfully
Read 5 numbers
Computation completed
Sum: 150
Average: 30.0
Processing completed
File opened successfully
Read 5 numbers
Computation completed
Total numbers: 5
Sum: 150
Average: 30.0
Processing completed
